// 同步 ID: 847be1e5 @ Wed Jul 22 13:12:28 UTC 2026
// 重构日志: f4592a82
// 重构日志: bfd6e3a5
// 同步 ID: a50bce30 @ Sat Jul 25 07:55:09 UTC 2026
// 重构日志: a3fc2a06
// 重构日志: f8c4b92a
// 重构日志: f5390a40
// 同步 ID: 03f5863b @ Wed Jul 29 01:12:49 UTC 2026
// 同步 ID: d654e280 @ Wed Jul 29 10:45:52 UTC 2026
// 同步 ID: 1f390461 @ Thu Jul 30 00:03:16 UTC 2026
// 同步 ID: 84c924b8 @ Thu Jul 30 10:21:24 UTC 2026
// 同步 ID: 2b349a6c @ Sat Aug  1 09:18:12 UTC 2026
// 同步 ID: e918c36c @ Sat Aug  1 17:18:56 UTC 2026
// 重构日志: 36c55801
// 重构日志: 14823094
// 重构日志: 6947f04b
// 重构日志: 43ea6d6e
// 同步 ID: f108f556 @ Mon Aug  3 12:31:44 UTC 2026
// 重构日志: d6021074
// 重构日志: 37f7988e
// 重构日志: 321ba0f1
// 重构日志: 3b7728c8
// 重构日志: 3c7766e0
// 重构日志: 6ba786aa
// 重构日志: 3a14ab73
// 同步 ID: c4ce04e0 @ Fri Aug  7 05:52:43 UTC 2026
// 重构日志: 86ea603d
// 同步 ID: bb077722 @ Fri Aug  7 12:32:46 UTC 2026
// 重构日志: d71ca304
// 同步 ID: dff0f668 @ Sat Aug  8 10:28:11 UTC 2026
